[themes.materializecss.com/pages/admin-dashboard.html]
[backblue.gif]
[fade.gif]
[index.html]
[cdn.datatables.net/v/dt/dt-1.10.16/datatables.min.css]
[cdn.shopify.com/s/files/1/1775/8583/t/1/assets/jqvmapf899.css]
[cdn.shopify.com/s/files/1/1775/8583/t/1/assets/flag-icon.minf899.css]
[cdnjs.cloudflare.com/ajax/libs/fullcalendar/3.7.0/fullcalendar.min.css]
[cdn.shopify.com/s/files/1/1775/8583/t/1/assets/admin-materialize.minf899.css]
[cdn.shopify.com/s/javascripts/tricorder/trekkie.storefront.min2cbf.js]
[cdn.shopify.com/shopifycloud/boomerang/shopify-boomerang-1.0.0.min.js]
[cdn.shopify.com/s/assets/shop_events_listener-09875a9a2b286acf534498184c24b199675a6097a941992d0979e5295d2cf9e9.js]
[cdn.shopify.com/s/assets/storefront/load_feature-98ef862814fe2952ed0893b184775afe7f06464f1ff22ee18736b6431a6c6317.js]
[cdn.shopify.com/s/assets/shopify_pay/storefront-f95c62afca18778ed8677facd32818c864b5e4938cba1769e8d8ba0b541d41dc99c2.js]
[cdn.shopify.com/s/assets/themes_support/ga_urchin_forms-99e991855b3d8ddc69e625c68ab0579dd9927b611c2ec4943d396c72e3af0849.js]
[cdn.shopify.com/s/assets/storefront/features-118a698fb45bb1e2a76ae81b3f81095d1e2c32ced33dd4e93e64378b5eb778d0.js]
[themes.materializecss.com/pages/admin-dashboard-2.html]
[themes.materializecss.com/pages/admin-fixed-chart.html]
[themes.materializecss.com/pages/admin-grid.html]
[themes.materializecss.com/pages/admin-chat.html]
[themes.materializecss.com/pages/admin-line-charts.html]
[themes.materializecss.com/pages/admin-bar-charts.html]
[themes.materializecss.com/pages/admin-area-charts.html]
[themes.materializecss.com/pages/admin-doughnut-charts.html]
[themes.materializecss.com/pages/admin-financial-charts.html]
[themes.materializecss.com/pages/admin-interactive-charts.html]
[themes.materializecss.com/pages/admin-fullscreen-table.html]
[themes.materializecss.com/pages/admin-table-custom-elements.html]
[themes.materializecss.com/pages/admin-calendar.html]
[themes.materializecss.com/pages/admin-header-tabbed.html]
[themes.materializecss.com/pages/admin-header-metrics.html]
[themes.materializecss.com/pages/admin-header-search.html]
[themes.materializecss.com/pages/admin-log-in.html]
[cdn.shopify.com/s/files/1/1775/8583/t/1/assets/portrait1f899.jpg]
[themes.materializecss.com/pages/admin-settings.html]
[cdn.shopify.com/s/files/1/1775/8583/t/1/assets/portrait2f899.jpg]
[cdn.shopify.com/s/files/1/1775/8583/t/1/assets/portrait3f899.jpg]
[cdn.shopify.com/s/files/1/1775/8583/t/1/assets/materialize-logof899.png]
[ajax.googleapis.com/ajax/libs/jquery/2.1.1/jquery.min.js]
[cdnjs.cloudflare.com/ajax/libs/moment.js/2.19.2/moment.min.js]
[cdn.shopify.com/s/files/1/1775/8583/t/1/assets/jquery.vmap.minf899.js]
[cdn.shopify.com/s/files/1/1775/8583/t/1/assets/jquery.vmap.worldf899.js]
[cdn.shopify.com/s/files/1/1775/8583/t/1/assets/jquery.vmap.sampledataf899.js]
[cdn.shopify.com/s/files/1/1775/8583/t/1/assets/Chart.Financialf899.js]
[cdn.shopify.com/s/files/1/1775/8583/t/1/assets/imagesloaded.pkgd.minf899.js]
[cdn.shopify.com/s/files/1/1775/8583/t/1/assets/masonry.pkgd.minf899.js]
[cdn.datatables.net/v/dt/dt-1.10.16/datatables.min.js]
[themes.materializecss.com/pages/admin-dashboard.html]
[cdnjs.cloudflare.com/ajax/libs/fullcalendar/3.7.0/fullcalendar.min.js]
[cdn.datatables.net/DataTables-1.10.16/images/sort_both.png]
[cdn.datatables.net/DataTables-1.10.16/images/sort_asc.png]
[cdn.datatables.net/DataTables-1.10.16/images/sort_desc.png]
[cdn.shopify.com/s/files/1/1775/8583/t/1/assets/Chartf899.js]
[cdn.datatables.net/DataTables-1.10.16/images/sort_asc_disabled.png]
[cdn.datatables.net/DataTables-1.10.16/images/sort_desc_disabled.png]
[cdn.datatables.net/v/dt/dt-1.10.16/datatables.min.css]
[cdn.shopify.com/s/files/1/1775/8583/t/1/assets/jqvmapf899.css]
[cdn.shopify.com/s/files/1/1775/8583/t/1/assets/flag-icon.minf899.css]
[cdnjs.cloudflare.com/ajax/libs/fullcalendar/3.7.0/fullcalendar.min.css]
[cdn.shopify.com/s/files/1/1775/8583/t/1/assets/admin-materialize.minf899.css]
[themes.materializecss.com/pages/admin-dashboard-2.html]
[cdn.shopify.com/s/files/1/1775/8583/t/1/assets/dashboard.minf899.js]
[themes.materializecss.com/pages/admin-fixed-chart.html]
[themes.materializecss.com/pages/admin-grid.html]
[themes.materializecss.com/pages/admin-chat.html]
[cdn.shopify.com/s/files/1/1775/8583/t/1/assets/fixed-charts.minf899.js]
[themes.materializecss.com/pages/admin-line-charts.html]
[themes.materializecss.com/pages/admin-bar-charts.html]
[cdn.shopify.com/s/files/1/1775/8583/t/1/assets/admin-materialize.minf899.js]
[themes.materializecss.com/pages/admin-area-charts.html]
[cdn.shopify.com/s/files/1/1775/8583/t/1/assets/line-charts.minf899.js]
[themes.materializecss.com/pages/admin-doughnut-charts.html]
[cdn.shopify.com/s/files/1/1775/8583/t/1/assets/bar-charts.mind207.js]
[themes.materializecss.com/pages/admin-financial-charts.html]
[cdn.shopify.com/s/files/1/1775/8583/t/1/assets/area-charts.min701f.js]
[themes.materializecss.com/pages/admin-interactive-charts.html]
[themes.materializecss.com/pages/admin-fullscreen-table.html]
[cdn.shopify.com/s/files/1/1775/8583/t/1/assets/doughnut-charts.min1bf6.js]
[themes.materializecss.com/pages/admin-table-custom-elements.html]
[themes.materializecss.com/pages/admin-calendar.html]
[themes.materializecss.com/pages/admin-header-tabbed.html]
[themes.materializecss.com/pages/admin-header-metrics.html]
[themes.materializecss.com/pages/admin-header-search.html]
[cdn.shopify.com/s/files/1/1775/8583/t/1/assets/geometric-cavef899.jpg]
[cdn.shopify.com/s/files/1/1775/8583/t/1/assets/financial-charts.minf899.js]
[themes.materializecss.com/pages/admin-log-in.html]
[themes.materializecss.com/pages/admin-settings.html]
[cdn.shopify.com/s/files/1/1775/8583/t/1/assets/interactive-charts.minf899.js]
[cdn.shopify.com/s/files/1/1775/8583/t/1/assets/table-custom-elements.minf899.js]
